[backblue.gif]
[fade.gif]
[index.html]
[fonts.googleapis.com/index.html]
[melodietang.com/feed/index.html]
[melodietang.com/comments/feed/index.html]
[melodietang.com/about-me/feed/index.html]
[melodietang.com/wp-includes/js/jquery/jqueryb8ff.js]
[melodietang.com/wp-includes/js/jquery/jquery-migrate.min330a.js]
[melodietang.com/wp-content/themes/bold-headline/js/jquery.fittext0155.js]
[melodietang.com/wp-content/themes/bold-headline/js/function0155.js]
[melodietang.com/xmlrpc0db0.php]
[melodietang.com/wp-includes/wlwmanifest.xml]
[melodietang.com/wp-json/index.html]
[melodietang.com/wp-json/oembed/1.0/embed6614.json]
[melodietang.com/wp-json/oembed/1.0/embed2afa]
[www.google-analytics.com/analytics.js]
[melodietang.com/wp-content/uploads/2015/01/cropped-mt_sketch_Circle_2.png]
[melodietang.com/wp-content/uploads/2015/01/icecream.png]
[melodietang.com/wp-content/themes/bold-headline/js/navigation11a8.js]
[melodietang.com/wp-content/themes/bold-headline/js/skip-link-focus-fix08e0.js]
[melodietang.com/index.html]
[gmpg.org/xfn/11.html]
[melodietang.com/xmlrpc.php]
[fonts.googleapis.com/index.html]
[s.w.org/index.html]
[fonts.googleapis.com/cssf2cf.css]
[fonts.googleapis.com/cssd7fa.css]
[melodietang.com/wp-json/oembed/1.0/embed0aec.json]
[melodietang.com/resume-2/index.html]
[melodietang.com/wp-json/oembed/1.0/embed6979.json]
[melodietang.com/projects-2/index.html]
[melodietang.com/wp-json/oembed/1.0/embeddf58]
[melodietang.com/wp-json/oembed/1.0/embedd000.json]
[melodietang.com/wp-json/oembed/1.0/embed1f07]
[melodietang.com/be-like-peter-project/index.html]
[melodietang.com/wp-json/oembed/1.0/embed27e1.json]
[melodietang.com/wp-json/oembed/1.0/embed84cd]
[melodietang.com/wp-content/uploads/2020/03/1000x1332.jpg]
[melodietang.com/wp-content/uploads/2020/03/1000x1332-225x300.jpg]
[melodietang.com/stuck-at-home/index.html]
[melodietang.com/wp-json/oembed/1.0/embede03b.json]
[melodietang.com/wp-json/oembed/1.0/embed7ce2]
[melodietang.com/pregnancy-prep-overview/index.html]
[melodietang.com/wp-json/oembed/1.0/embeda1d5.json]
[melodietang.com/wp-json/oembed/1.0/embedac14]
[melodietang.com/wp-content/uploads/2020/03/1440_30_25.06_Jul162018-1.2f230a.delayed]
[melodietang.com/stuck-at-home/feed/index.html]
[melodietang.com/wp-content/uploads/2020/03/1440_30_25.06_Jul162018-1.mp4]
[melodietang.com/wp-content/uploads/2022/10/stars.gif]
[melodietang.com/wp-content/uploads/2022/10/flowerbirds3.gif]
[melodietang.com/wp-includes/js/mediaelement/mediaelement-and-player.min51cd.js]
[melodietang.com/wp-includes/js/mediaelement/wp-mediaelement.min0155.js]
[melodietang.com/doodles/index.html]
[melodietang.com/wp-loginf243.html]
[gmpg.org/xfn/.html]
[gmpg.org/xfn/intro.html]
[gmpg.org/xfn/faq.html]
[melodietang.com/index23ea.html]
[melodietang.com/index7681.html]
[melodietang.com/index8ef5.html]
[melodietang.com/wp-json/oembed/1.0/embed9244]
[melodietang.com/blog/aaron-frazin-charlie-app/feed/index.html]
[melodietang.com/wp-json/oembed/1.0/embed23e1.json]
[melodietang.com/wp-json/oembed/1.0/embed42a2]
[melodietang.com/blog/aaron-frazin-charlie-app/index.html]
[melodietang.com/wp-json/oembed/1.0/embed7781.json]
[melodietang.com/blog/brian-hill-jail-education-solutions/feed/index.html]
[melodietang.com/wp-json/oembed/1.0/embed3b40]
[melodietang.com/blog/brian-hill-jail-education-solutions/index.html]
[melodietang.com/wp-json/oembed/1.0/embed5994.json]
[melodietang.com/blog/chris-mantz-drift-eyewear/feed/index.html]
[melodietang.com/wp-json/oembed/1.0/embedc2c2]
[melodietang.com/blog/chris-mantz-drift-eyewear/index.html]
[melodietang.com/blog/claire-lew-know-your-company/feed/index.html]
[melodietang.com/wp-json/oembed/1.0/embed902c.json]
[melodietang.com/wp-json/oembed/1.0/embed60e4]
[melodietang.com/blog/claire-lew-know-your-company/index.html]
[melodietang.com/blog/corbett-drummey-popular-pays/feed/index.html]
[melodietang.com/wp-json/oembed/1.0/embed4ad6.json]
[melodietang.com/wp-json/oembed/1.0/embed6189]
[melodietang.com/blog/corbett-drummey-popular-pays/index.html]
[melodietang.com/wp-json/oembed/1.0/embedd75d.json]
[melodietang.com/blog/dan-novaes-mobilex-labs/feed/index.html]
[melodietang.com/wp-json/oembed/1.0/embedfa95]
[melodietang.com/blog/dan-novaes-mobilex-labs/index.html]
[melodietang.com/blog/deepak-goel-karmacircles/feed/index.html]
[melodietang.com/wp-json/oembed/1.0/embed3e0c.json]
[melodietang.com/wp-json/oembed/1.0/embed91f3]
[melodietang.com/blog/deepak-goel-karmacircles/index.html]
[melodietang.com/wp-json/oembed/1.0/embed5401.json]
[melodietang.com/blog/eliad-inbar-tangiblee-2/feed/index.html]
[melodietang.com/blog/eliad-inbar-tangiblee-2/index.html]
[melodietang.com/wp-json/oembed/1.0/embed2e44]
[melodietang.com/wp-json/oembed/1.0/embedc6d5.json]
[melodietang.com/blog/hillary-sawchuk-a-drink-with/feed/index.html]
[melodietang.com/wp-json/oembed/1.0/embed59ea]
[melodietang.com/blog/hillary-sawchuk-a-drink-with/index.html]
[melodietang.com/blog/jason-kunesh-public-good/feed/index.html]
[melodietang.com/wp-json/oembed/1.0/embedd191.json]
[melodietang.com/wp-json/oembed/1.0/embed6738]
[melodietang.com/blog/jason-kunesh-public-good/index.html]
[melodietang.com/wp-json/oembed/1.0/embed7e28.json]
[melodietang.com/blog/jay-savsani-meal-sharing/feed/index.html]
[melodietang.com/wp-json/oembed/1.0/embedea25]
[melodietang.com/blog/jay-savsani-meal-sharing/index.html]
[melodietang.com/wp-json/oembed/1.0/embed3c25.json]
[melodietang.com/blog/jeremy-balboni-brooklyn-boulders-chicago/feed/index.html]
[melodietang.com/wp-json/oembed/1.0/embed3025]
[melodietang.com/blog/jeremy-balboni-brooklyn-boulders-chicago/index.html]
[melodietang.com/blog/jeremy-klein-table-savvy/feed/index.html]
[melodietang.com/wp-json/oembed/1.0/embed2d02.json]
[melodietang.com/wp-json/oembed/1.0/embed2f26]
[melodietang.com/blog/jeremy-klein-table-savvy/index.html]
[melodietang.com/wp-json/oembed/1.0/embed93f6.json]
[melodietang.com/blog/jimmy-odom-wedeliver/feed/index.html]
[melodietang.com/wp-json/oembed/1.0/embeda5cf]
[melodietang.com/blog/jimmy-odom-wedeliver/index.html]
[melodietang.com/wp-json/oembed/1.0/embeda9cd.json]
[melodietang.com/blog/julie-schumacher-well-turned-words/feed/index.html]
[melodietang.com/wp-json/oembed/1.0/embed2d4e]
[melodietang.com/blog/julie-schumacher-well-turned-words/index.html]
[melodietang.com/wp-json/oembed/1.0/embed48c3.json]
[melodietang.com/blog/kathryn-pisco-unearth-the-world/feed/index.html]
[melodietang.com/wp-json/oembed/1.0/embed070f]
[melodietang.com/blog/kathryn-pisco-unearth-the-world/index.html]
[melodietang.com/wp-json/oembed/1.0/embed00a7.json]
[melodietang.com/blog/katie-hench-infiniteach/feed/index.html]
[melodietang.com/wp-json/oembed/1.0/embed41ed]
[melodietang.com/wp-content/uploads/2017/01/1484269482_bulb-grey.png]
[melodietang.com/blog/katie-hench-infiniteach/index.html]
[melodietang.com/wp-json/oembed/1.0/embed94be.json]
[melodietang.com/blog/katlin-smith-simple-mills/feed/index.html]
[melodietang.com/wp-json/oembed/1.0/embeda9af]
[melodietang.com/blog/katlin-smith-simple-mills/index.html]
[melodietang.com/blog/kris-petersen-mac-and-mia/feed/index.html]
[melodietang.com/wp-json/oembed/1.0/embed2de2.json]
[melodietang.com/wp-json/oembed/1.0/embedc4b1]
[melodietang.com/blog/kris-petersen-mac-and-mia/index.html]
[melodietang.com/wp-json/oembed/1.0/embed17da.json]
[melodietang.com/blog/lauren-katzberg-the-stylisted/feed/index.html]
[melodietang.com/wp-json/oembed/1.0/embedde7b]
[melodietang.com/blog/lauren-katzberg-the-stylisted/index.html]
[melodietang.com/blog/levi-baer/feed/index.html]
[melodietang.com/wp-json/oembed/1.0/embedb451.json]
[melodietang.com/wp-json/oembed/1.0/embed14f8]
[melodietang.com/blog/levi-baer/index.html]
[melodietang.com/blog/martin-mcgovern-and-rajiv-nathan-idea-lemon/feed/index.html]
[melodietang.com/wp-json/oembed/1.0/embed613f.json]
[melodietang.com/wp-json/oembed/1.0/embed8d8b]
[melodietang.com/blog/martin-mcgovern-and-rajiv-nathan-idea-lemon/index.html]
[melodietang.com/blog/mike-garg-gozent/feed/index.html]
[melodietang.com/wp-json/oembed/1.0/embed6b18.json]
[melodietang.com/wp-json/oembed/1.0/embed78d0]
[melodietang.com/blog/mike-garg-gozent/index.html]
[melodietang.com/wp-json/oembed/1.0/embed434e.json]
[melodietang.com/blog/mike-preuss-visible/feed/index.html]
[melodietang.com/wp-json/oembed/1.0/embed48d7]
[melodietang.com/blog/mike-preuss-visible/index.html]
[melodietang.com/wp-json/oembed/1.0/embed1da0.json]
[melodietang.com/wp-json/oembed/1.0/embedf92a]
[melodietang.com/blog/neal-sales-griffin-starter-league/feed/index.html]
[melodietang.com/blog/neal-sales-griffin-starter-league/index.html]
[melodietang.com/blog/nicole-yeary-ms-tech/feed/index.html]
[melodietang.com/wp-json/oembed/1.0/embed4119.json]
[melodietang.com/wp-json/oembed/1.0/embed0d88]
[melodietang.com/blog/nicole-yeary-ms-tech/index.html]
[melodietang.com/blog/raj-karmani-zero-percent/feed/index.html]
[melodietang.com/wp-json/oembed/1.0/embede5c2.json]
[melodietang.com/wp-json/oembed/1.0/embed3886]
[melodietang.com/blog/raj-karmani-zero-percent/index.html]
[melodietang.com/wp-json/oembed/1.0/embed30c4.json]
[melodietang.com/blog/riana-lynn-food-trace/feed/index.html]
[melodietang.com/wp-json/oembed/1.0/embed8224]
[melodietang.com/blog/riana-lynn-food-trace/index.html]
[melodietang.com/wp-json/oembed/1.0/embedbccc.json]
[melodietang.com/blog/rose-afriyie-mrelief/feed/index.html]
[melodietang.com/wp-json/oembed/1.0/embed46c7]
[melodietang.com/blog/rose-afriyie-mrelief/index.html]
[melodietang.com/wp-json/oembed/1.0/embed7348.json]
[melodietang.com/blog/ross-petersen-blitsy/feed/index.html]
[melodietang.com/wp-json/oembed/1.0/embed586d]
[melodietang.com/blog/ross-petersen-blitsy/index.html]
[melodietang.com/wp-json/oembed/1.0/embed765f.json]
[melodietang.com/blog/sarah-press-project-fixup/feed/index.html]
[melodietang.com/wp-json/oembed/1.0/embedf60c]
[melodietang.com/blog/sarah-press-project-fixup/index.html]
[melodietang.com/blog/shannon-downey-pivotal-production/feed/index.html]
[melodietang.com/wp-json/oembed/1.0/embede390.json]
[melodietang.com/wp-json/oembed/1.0/embed85e0]
[ssl.gstatic.com/ui/v1/icons/mail/images/cleardot.gif]
[melodietang.com/blog/shannon-downey-pivotal-production/index.html]
[melodietang.com/blog/shiv-rajendran-totus-power/feed/index.html]
[melodietang.com/wp-json/oembed/1.0/embedcfb4.json]
[melodietang.com/wp-json/oembed/1.0/embeda485]
[melodietang.com/blog/shiv-rajendran-totus-power/index.html]
[melodietang.com/wp-json/oembed/1.0/embed45f1.json]
[melodietang.com/blog/steven-dyme-flowers-for-dreams/feed/index.html]
[melodietang.com/wp-json/oembed/1.0/embed1e50]
[melodietang.com/blog/steven-dyme-flowers-for-dreams/index.html]
[melodietang.com/blog/shivani-jain-fitness-cubed/feed/index.html]
[melodietang.com/wp-json/oembed/1.0/embeda872.json]
[melodietang.com/wp-json/oembed/1.0/embed05a6]
[melodietang.com/blog/shivani-jain-fitness-cubed/index.html]
[melodietang.com/wp-json/oembed/1.0/embed0d2e.json]
[melodietang.com/blog/ted-gonder-moneythink/feed/index.html]
[melodietang.com/wp-json/oembed/1.0/embeddf78]
[melodietang.com/blog/ted-gonder-moneythink/index.html]
[melodietang.com/wp-json/oembed/1.0/embed77a8.json]
[melodietang.com/blog/tiffaney-florentine-trodo/feed/index.html]
[melodietang.com/wp-json/oembed/1.0/embed770d]
[melodietang.com/blog/tiffaney-florentine-trodo/index.html]
[melodietang.com/index7ab1.html]
[melodietang.com/wp-logina2f8.html]
[melodietang.com/index652e.html]
[melodietang.com/wp-json/oembed/1.0/embed1b50.json]
[melodietang.com/hospital-bag-retro/index.html]
[melodietang.com/wp-json/oembed/1.0/embed0d17]
[melodietang.com/wp-json/oembed/1.0/embed7d31.json]
[melodietang.com/doulas/index.html]
[melodietang.com/wp-json/oembed/1.0/embedcfab]
[melodietang.com/wp-json/oembed/1.0/embed65df.json]
[melodietang.com/day-1-stuff-list/index.html]
[melodietang.com/wp-json/oembed/1.0/embedf11c]
[melodietang.com/wp-json/oembed/1.0/embeddd6f.json]
[melodietang.com/post-delivery-support/index.html]
[melodietang.com/wp-json/oembed/1.0/embed76d4]
[melodietang.com/wp-json/oembed/1.0/embed95b3.json]
[melodietang.com/breastfeeding/index.html]
[melodietang.com/index5d7e.html]
[melodietang.com/wp-json/oembed/1.0/embed1f91]
[melodietang.com/wp-includes/fonts/dashicons.eot]
[melodietang.com/wp-admin/images/loading.gif]
[melodietang.com/wp-admin/images/w-logo-blue7a53.png]
[melodietang.com/wp-admin/load-styles30c3.css]
[melodietang.com/wp-loginc2b6.html]
[melodietang.com/indexaaf8.html]
[melodietang.com/blog/author/belikepeter/index.html]
[melodietang.com/blog/category/chicago/index.html]
[melodietang.com/blog/category/chicago/feed/index.html]
[melodietang.com/blog/author/belikepeter/feed/index.html]
[melodietang.com/blog/category/chicago-founders-circle/index.html]
[melodietang.com/blog/category/startups/index.html]
[melodietang.com/blog/category/uncategorized/index.html]
[melodietang.com/blog/category/chicago-founders-circle/feed/index.html]
[melodietang.com/blog/category/startups/feed/index.html]
[melodietang.com/wp-json/oembed/1.0/embed6018.json]
[melodietang.com/blog/category/uncategorized/feed/index.html]
[melodietang.com/wp-json/oembed/1.0/embedd77a]
[melodietang.com/blog/throw-back-thursdays-may/feed/index.html]
[melodietang.com/blog/throw-back-thursdays-may/index.html]
[melodietang.com/index7d08.html]
[melodietang.com/blog/category/education/index.html]
[melodietang.com/blog/category/impact-engine/index.html]
[melodietang.com/blog/category/social-enterprise/index.html]
[melodietang.com/blog/category/education/feed/index.html]
[melodietang.com/blog/category/impact-engine/feed/index.html]
[melodietang.com/blog/category/social-enterprise/feed/index.html]
[melodietang.com/indexec9a.html]
[melodietang.com/blog/category/manufacturing/index.html]
[melodietang.com/index4e02.html]
[melodietang.com/blog/category/female-entrepreneurs/index.html]
[melodietang.com/indexf689.html]
[melodietang.com/blog/category/manufacturing/feed/index.html]
[melodietang.com/blog/category/e-commerce/index.html]
[melodietang.com/blog/category/female-entrepreneurs/feed/index.html]
[melodietang.com/wp-json/oembed/1.0/embed31b6.json]
[melodietang.com/blog/category/e-commerce/feed/index.html]
[melodietang.com/blog/eliad-inbar-tangiblee/feed/index.html]
[melodietang.com/wp-json/oembed/1.0/embed6e08]
[melodietang.com/blog/eliad-inbar-tangiblee/index.html]
[melodietang.com/index89f6.html]
[melodietang.com/wp-json/oembed/1.0/embed5be0.json]
[melodietang.com/blog/throw-back-thursdays-feb-2015/feed/index.html]
[melodietang.com/wp-json/oembed/1.0/embedd359]
[melodietang.com/blog/throw-back-thursdays-feb-2015/index.html]
[melodietang.com/index3239.html]
[melodietang.com/wp-json/oembed/1.0/embed2383.json]
[melodietang.com/blog/throw-back-thursdays-june-2015/feed/index.html]
[melodietang.com/wp-json/oembed/1.0/embedb04b]
[melodietang.com/blog/throw-back-thursdays-june-2015/index.html]
[melodietang.com/index767a.html]
[melodietang.com/blog/author/melodieadmin/index.html]
[melodietang.com/blog/category/tech-stars/index.html]
[melodietang.com/blog/author/melodieadmin/feed/index.html]
[melodietang.com/blog/category/tech-stars/feed/index.html]
[melodietang.com/blog/throw-back-thursdays-april-2015/feed/index.html]
[melodietang.com/wp-json/oembed/1.0/embedc7cd.json]
[melodietang.com/wp-json/oembed/1.0/embed2d17]
[melodietang.com/blog/throw-back-thursdays-april-2015/index.html]
[melodietang.com/index6fdb.html]
[melodietang.com/indexb1f0.html]
[melodietang.com/blog/category/1871/index.html]
[melodietang.com/indexefa2.html]
[melodietang.com/blog/category/sharing-economy/index.html]
[melodietang.com/blog/category/sharing-economy/feed/index.html]
[melodietang.com/blog/category/1871/feed/index.html]
[melodietang.com/wp-json/oembed/1.0/embed1c5b.json]
[melodietang.com/blog/throw-back-thursdays-jan-2015/feed/index.html]
[melodietang.com/wp-json/oembed/1.0/embeda717]
[melodietang.com/blog/throw-back-thursdays-jan-2015/index.html]
[melodietang.com/index6d2c.html]
[melodietang.com/blog/category/health-and-wellness/index.html]
[melodietang.com/wp-json/oembed/1.0/embed521b.json]
[melodietang.com/blog/category/health-and-wellness/feed/index.html]
[melodietang.com/blog/happy-thanksgiving/feed/index.html]
[melodietang.com/wp-json/oembed/1.0/embed1680]
[melodietang.com/blog/happy-thanksgiving/index.html]
[melodietang.com/index153d.html]
[melodietang.com/blog/jeremy-klein-table-savvy/johnroseillustration.html]
[melodietang.com/index3c55.html]
[melodietang.com/blog/category/tech-week/index.html]
[melodietang.com/index6fe2.html]
[melodietang.com/blog/category/community/index.html]
[melodietang.com/index0c04.html]
[melodietang.com/index9ab8.html]
[melodietang.com/index7a13.html]
[melodietang.com/blog/category/food/index.html]
[melodietang.com/blog/tag/chicago-booth/index.html]
[melodietang.com/blog/category/tech-week/feed/index.html]
[melodietang.com/blog/tag/chicago-booth/feed/index.html]
[melodietang.com/blog/category/food/feed/index.html]
[melodietang.com/blog/category/community/feed/index.html]
[melodietang.com/blog/tag/gluten-free/index.html]
[melodietang.com/blog/tag/new-venture/index.html]
[melodietang.com/wp-json/oembed/1.0/embedd87f.json]
[melodietang.com/blog/tag/new-venture/feed/index.html]
[melodietang.com/blog/tag/gluten-free/feed/index.html]
[melodietang.com/blog/elizabeth-peterson-eastwood-group/feed/index.html]
[melodietang.com/wp-json/oembed/1.0/embed6480]
[melodietang.com/blog/elizabeth-peterson-eastwood-group/index.html]
[melodietang.com/indexdc3d.html]
[melodietang.com/index2ec5.html]
[melodietang.com/index1b7b.html]
[melodietang.com/indexd13e.html]
[melodietang.com/wp-json/oembed/1.0/embed60b6.json]
[melodietang.com/blog/happy-holidays-and-merry-christmas/feed/index.html]
[melodietang.com/wp-json/oembed/1.0/embedf06f]
[melodietang.com/blog/happy-holidays-and-merry-christmas/index.html]
[melodietang.com/wp-json/oembed/1.0/embed642e.json]
[melodietang.com/blog/happy-new-year/feed/index.html]
[melodietang.com/wp-json/oembed/1.0/embed3d68]
[melodietang.com/blog/happy-new-year/index.html]
[melodietang.com/indexe398.html]
[melodietang.com/indexe9c6.html]
[melodietang.com/blog/tag/kelley-school-of-business/index.html]
[melodietang.com/blog/tag/orr-fellowship/index.html]
[melodietang.com/blog/tag/venture-capital/index.html]
[melodietang.com/indexeba0.html]
[melodietang.com/index2812.html]
[melodietang.com/index094a.html]
[melodietang.com/index59f6.html]
[melodietang.com/index5d09.html]
[melodietang.com/blog/category/nonprofit/index.html]
[melodietang.com/blog/category/nonprofit/feed/index.html]
[melodietang.com/blog/tag/kelley-school-of-business/feed/index.html]
[melodietang.com/blog/tag/orr-fellowship/feed/index.html]
[melodietang.com/blog/tag/venture-capital/feed/index.html]
[melodietang.com/indexa3d8.html]
[melodietang.com/indexc6a5.html]
[melodietang.com/indexb3e1.html]
[melodietang.com/indexc089.html]
[melodietang.com/wp-json/oembed/1.0/embedfd87.json]
[melodietang.com/blog/throw-back-thursdays-march-2015/feed/index.html]
[melodietang.com/wp-json/oembed/1.0/embed7031]
[melodietang.com/blog/throw-back-thursdays-march-2015/index.html]
[melodietang.com/indexe4dc.html]
[melodietang.com/index3eda.html]
[melodietang.com/blog/category/healthbox/index.html]
[melodietang.com/blog/category/healthbox/feed/index.html]
[melodietang.com/blog/ben-rosenfield-hero/feed/index.html]
[melodietang.com/wp-json/oembed/1.0/embed2dd3.json]
[melodietang.com/wp-json/oembed/1.0/embedc1de]
[media.licdn.com/mpr/mpr/shrinknp_200_200/AAEAAQAAAAAAAALaAAAAJDM4OGM3NmI3LTUyNjktNDIyNy05MjI2LWNmYWM3NzdlNDliYg.119.delayed]
[melodietang.com/blog/ben-rosenfield-hero/index.html]
[melodietang.com/index21b4.html]
[melodietang.com/indexe5c7.html]
[melodietang.com/index4f47.html]
[melodietang.com/indexb6d0.html]
[melodietang.com/indexcf8a.html]
[melodietang.com/indexbd7b.html]
[melodietang.com/index8285.html]
[melodietang.com/wp-login.html]
[melodietang.com/blog/author/belikepeter/page/2/index.html]
[melodietang.com/blog/category/chicago/page/2/index.html]
[melodietang.com/blog/category/startups/page/2/index.html]
[melodietang.com/blog/category/uncategorized/page/2/index.html]
[melodietang.com/indexc725.html]
[melodietang.com/blog/category/throw-back-thursdays/index.html]
[melodietang.com/blog/category/throw-back-thursdays/feed/index.html]
[melodietang.com/blog/category/female-entrepreneurs/page/2/index.html]
[melodietang.com/index975e.html]
[melodietang.com/indexee96.html]
[melodietang.com/index030b.html]
[melodietang.com/index03aa.html]
[melodietang.com/blog/category/1871/page/2/index.html]
[melodietang.com/indexccf0.html]
[melodietang.com/index55df.html]
[melodietang.com/wp-loginae01.html]
[melodietang.com/index9c73.html]
[melodietang.com/indexb0f8.html]
[melodietang.com/wp-loginb590.html]
[melodietang.com/index6ade.html]
[melodietang.com/wp-login518f.html]
[melodietang.com/indexf9af.html]
[melodietang.com/indexa2f3.html]
[melodietang.com/wp-admin/index.html]
[melodietang.com/blog/author/belikepeter/page/3/index.html]
[melodietang.com/blog/category/chicago/page/3/index.html]
[melodietang.com/blog/category/startups/page/3/index.html]
[melodietang.com/wp-loginc6c6.html]
[melodietang.com/blog/author/belikepeter/page/4/index.html]
[melodietang.com/blog/category/chicago/page/4/index.html]
[melodietang.com/wp-admin/&reauth=1.html]
[melodietang.com/blog/author/belikepeter/page/5/index.html]
[melodietang.com/wp-json/index.html]
[melodietang.com/wp-json/oembed/1.0/embed6614.json]
[melodietang.com/wp-json/oembed/1.0/embed2afa]
[melodietang.com/wp-content/plugins/blog-designer-for-post-and-widget/assets/images/ajax-loader.gif]
[melodietang.com/wp-content/plugins/blog-designer-for-post-and-widget/assets/css/slick4b1d.css]
[melodietang.com/wp-json/oembed/1.0/embed0aec.json]
[melodietang.com/wp-json/oembed/1.0/embed6979.json]
[melodietang.com/wp-json/oembed/1.0/embeddf58]
[melodietang.com/wp-content/plugins/blog-designer-for-post-and-widget/assets/images/arrow-right.png]
[melodietang.com/wp-json/oembed/1.0/embed1f07]
[melodietang.com/wp-json/oembed/1.0/embedd000.json]
[melodietang.com/wp-content/plugins/blog-designer-for-post-and-widget/assets/images/arrow-left.png]
[melodietang.com/stuck-at-home/feed/index.html]
[melodietang.com/wp-json/oembed/1.0/embed27e1.json]
[melodietang.com/wp-content/plugins/blog-designer-for-post-and-widget/assets/css/bdpw-public4b1d.css]
[melodietang.com/wp-json/oembed/1.0/embed84cd]
[melodietang.com/wp-content/themes/bold-headline/font/genericons-regular-webfont.eot]
[melodietang.com/wp-json/oembed/1.0/embede03b.json]
[melodietang.com/wp-json/oembed/1.0/embed7ce2]
[melodietang.com/wp-json/oembed/1.0/embeda1d5.json]
[melodietang.com/wp-json/oembed/1.0/embedac14]
[melodietang.com/wp-content/themes/bold-headline/font/genericons-regular-webfont.woff]
[melodietang.com/wp-content/uploads/2020/03/1440_30_25.06_Jul162018-1230a.mp4]
[melodietang.com/wp-content/themes/bold-headline/font/genericons-regular-webfont.ttf]
[melodietang.com/wp-content/themes/bold-headline/style0155.css]
[melodietang.com/wp-json/oembed/1.0/embed9244]
[melodietang.com/blog/aaron-frazin-charlie-app/feed/index.html]
[melodietang.com/wp-json/oembed/1.0/embed23e1.json]
[melodietang.com/wp-json/oembed/1.0/embed42a2]
[melodietang.com/xmlrpc0db0.php]
[melodietang.com/blog/brian-hill-jail-education-solutions/feed/index.html]
[melodietang.com/wp-json/oembed/1.0/embed7781.json]
[melodietang.com/wp-json/oembed/1.0/embed3b40]
[melodietang.com/blog/chris-mantz-drift-eyewear/feed/index.html]
[melodietang.com/wp-json/oembed/1.0/embed5994.json]
[melodietang.com/wp-json/oembed/1.0/embedc2c2]
[melodietang.com/blog/claire-lew-know-your-company/feed/index.html]
[melodietang.com/wp-json/oembed/1.0/embed60e4]
[melodietang.com/wp-json/oembed/1.0/embed902c.json]
[melodietang.com/blog/corbett-drummey-popular-pays/feed/index.html]
[melodietang.com/wp-json/oembed/1.0/embed4ad6.json]
[melodietang.com/wp-json/oembed/1.0/embed6189]
[melodietang.com/blog/dan-novaes-mobilex-labs/feed/index.html]
[melodietang.com/wp-json/oembed/1.0/embedfa95]
[melodietang.com/blog/deepak-goel-karmacircles/feed/index.html]
[melodietang.com/wp-json/oembed/1.0/embed91f3]
[melodietang.com/wp-json/oembed/1.0/embed3e0c.json]
[melodietang.com/blog/eliad-inbar-tangiblee-2/feed/index.html]
[melodietang.com/wp-json/oembed/1.0/embed5401.json]
[melodietang.com/wp-json/oembed/1.0/embed2e44]
[melodietang.com/blog/hillary-sawchuk-a-drink-with/feed/index.html]
[melodietang.com/wp-json/oembed/1.0/embedc6d5.json]
[melodietang.com/wp-json/oembed/1.0/embed59ea]
[melodietang.com/blog/jason-kunesh-public-good/feed/index.html]
[melodietang.com/wp-json/oembed/1.0/embed6738]
[melodietang.com/wp-json/oembed/1.0/embedd191.json]
[melodietang.com/blog/jay-savsani-meal-sharing/feed/index.html]
[melodietang.com/wp-json/oembed/1.0/embed7e28.json]
[melodietang.com/wp-json/oembed/1.0/embedea25]
[melodietang.com/blog/jeremy-balboni-brooklyn-boulders-chicago/feed/index.html]
[melodietang.com/wp-json/oembed/1.0/embed3c25.json]
[melodietang.com/wp-json/oembed/1.0/embed3025]
[melodietang.com/blog/jeremy-klein-table-savvy/feed/index.html]
[melodietang.com/wp-json/oembed/1.0/embed2f26]
[melodietang.com/blog/jimmy-odom-wedeliver/feed/index.html]
[melodietang.com/wp-json/oembed/1.0/embeda5cf]
[melodietang.com/blog/julie-schumacher-well-turned-words/feed/index.html]
[fonts.googleapis.com/cssd7fa.css]
[melodietang.com/wp-json/oembed/1.0/embed2d4e]
[melodietang.com/wp-json/oembed/1.0/embeda9cd.json]
[faviconist.com/icons/294fa99605d373351406d77319764aef/favicon.html]
[melodietang.com/blog/kathryn-pisco-unearth-the-world/feed/index.html]
[melodietang.com/wp-json/oembed/1.0/embed48c3.json]
[melodietang.com/wp-json/oembed/1.0/embed070f]
[melodietang.com/blog/katie-hench-infiniteach/feed/index.html]
[gmpg.org/xfn/default.css]
[melodietang.com/wp-json/oembed/1.0/embed00a7.json]
[melodietang.com/wp-json/oembed/1.0/embed9244]
[melodietang.com/wp-json/oembed/1.0/embed41ed]
[melodietang.com/index8ef5.html]
[melodietang.com/blog/katlin-smith-simple-mills/feed/index.html]
[belikepeter.com/wp-content/uploads/2014/10/twittericon-small.html]
[belikepeter.com/wp-content/uploads/2014/10/instagramicon-small.html]
[melodietang.com/wp-json/oembed/1.0/embed94be.json]
[melodietang.com/wp-json/oembed/1.0/embeda9af]
[belikepeter.com/wp-content/uploads/2014/10/facebookicon-small.html]
[melodietang.com/blog/kris-petersen-mac-and-mia/feed/index.html]
[belikepeter.com/wp-content/uploads/2014/10/mailicon-small.html]
[melodietang.com/wp-json/oembed/1.0/embed2de2.json]
[melodietang.com/blog/lauren-katzberg-the-stylisted/feed/index.html]
[melodietang.com/index7ab1.html]
[melodietang.com/wp-json/oembed/1.0/embedc4b1]
[www.google.com/calendar/images/ext/gc_button1_en.html]
[melodietang.com/wp-json/oembed/1.0/embed17da.json]
[melodietang.com/wp-json/oembed/1.0/embedde7b]
[melodietang.com/hospital-bag-retro/index.html]
[melodietang.com/blog/levi-baer/feed/index.html]
[melodietang.com/wp-json/oembed/1.0/embedb451.json]
[melodietang.com/wp-includes/js/mediaelement/background.png]
[melodietang.com/wp-json/oembed/1.0/embed14f8]
[melodietang.com/wp-json/oembed/1.0/embed613f.json]
[melodietang.com/wp-includes/js/mediaelement/loading.gif]
[melodietang.com/wp-json/oembed/1.0/embed8d8b]
[melodietang.com/blog/mike-garg-gozent/feed/index.html]
[melodietang.com/wp-json/oembed/1.0/embed78d0]
[melodietang.com/wp-json/oembed/1.0/embed6b18.json]
[melodietang.com/blog/mike-preuss-visible/feed/index.html]
[melodietang.com/wp-includes/js/mediaelement/controls.png]
[melodietang.com/wp-json/oembed/1.0/embed434e.json]
[melodietang.com/wp-includes/js/mediaelement/jumpforward.png]
[melodietang.com/blog/neal-sales-griffin-starter-league/feed/index.html]
[melodietang.com/wp-json/oembed/1.0/embed48d7]
[melodietang.com/wp-json/oembed/1.0/embed1da0.json]
[melodietang.com/wp-json/oembed/1.0/embedf92a]
[melodietang.com/wp-includes/js/mediaelement/skipback.png]
[melodietang.com/wp-includes/js/mediaelement/mediaelementplayer.min51cd.css]
[melodietang.com/blog/nicole-yeary-ms-tech/feed/index.html]
[melodietang.com/wp-json/oembed/1.0/embed4119.json]
[melodietang.com/wp-json/oembed/1.0/embed0d88]
[melodietang.com/blog/raj-karmani-zero-percent/feed/index.html]
[melodietang.com/wp-includes/js/mediaelement/wp-mediaelement.min0155.css]
[melodietang.com/wp-json/oembed/1.0/embede5c2.json]
[melodietang.com/wp-json/oembed/1.0/embed3886]
[melodietang.com/blog/riana-lynn-food-trace/feed/index.html]
[melodietang.com/indexaaf8.html]
[melodietang.com/wp-json/oembed/1.0/embed30c4.json]
[belikepeter.com/wp-content/uploads/2015/02/Aaronbowtiecrop2-300x300.html]
[melodietang.com/wp-json/oembed/1.0/embed8224]
[melodietang.com/blog/rose-afriyie-mrelief/feed/index.html]
[melodietang.com/wp-json/oembed/1.0/embedbccc.json]
[melodietang.com/blog/throw-back-thursdays-may/index.html]
[melodietang.com/wp-json/oembed/1.0/embed46c7]
[melodietang.com/blog/ross-petersen-blitsy/feed/index.html]
[belikepeter.com/wp-content/uploads/2015/05/Brian-Hill-final-1-284x300.html]
[melodietang.com/wp-json/oembed/1.0/embed7348.json]
[melodietang.com/wp-json/oembed/1.0/embed586d]
[melodietang.com/blog/sarah-press-project-fixup/feed/index.html]
[melodietang.com/indexec9a.html]
[melodietang.com/wp-json/oembed/1.0/embed765f.json]
[melodietang.com/wp-json/oembed/1.0/embedf60c]
[melodietang.com/blog/shannon-downey-pivotal-production/feed/index.html]
[melodietang.com/wp-json/oembed/1.0/embede390.json]
[belikepeter.com/wp-content/uploads/2015/05/chris-mantz-300x300.html]
[melodietang.com/wp-json/oembed/1.0/embed85e0]
[melodietang.com/index4e02.html]
[melodietang.com/blog/shiv-rajendran-totus-power/feed/index.html]
[melodietang.com/wp-json/oembed/1.0/embedcfb4.json]
[melodietang.com/wp-json/oembed/1.0/embeda485]
[belikepeter.com/wp-content/uploads/2014/11/portrait-blog-claire-web-289x300.html]
[melodietang.com/blog/steven-dyme-flowers-for-dreams/feed/index.html]
[melodietang.com/wp-json/oembed/1.0/embed45f1.json]
[melodietang.com/indexf689.html]
[melodietang.com/wp-json/oembed/1.0/embed1e50]
[melodietang.com/blog/shivani-jain-fitness-cubed/feed/index.html]
[melodietang.com/wp-json/oembed/1.0/embeda872.json]
[belikepeter.com/wp-content/uploads/2015/03/Corbett2-300x300.html]
[melodietang.com/wp-json/oembed/1.0/embed05a6]
[melodietang.com/blog/ted-gonder-moneythink/feed/index.html]
[melodietang.com/blog/eliad-inbar-tangiblee/index.html]
[melodietang.com/wp-json/oembed/1.0/embed0d2e.json]
[melodietang.com/wp-json/oembed/1.0/embeddf78]
[melodietang.com/blog/tiffaney-florentine-trodo/feed/index.html]
[melodietang.com/wp-json/oembed/1.0/embed77a8.json]
[belikepeter.com/wp-content/uploads/2015/04/Dan-Novaes-2-300x300.html]
[melodietang.com/wp-json/oembed/1.0/embed770d]
[melodietang.com/blog/throw-back-thursdays-feb-2015/index.html]
[melodietang.com/wp-json/oembed/1.0/embed1b50.json]
[melodietang.com/wp-json/oembed/1.0/embed0d17]
[belikepeter.com/wp-content/uploads/2015/02/DeepakGoel-241x300.html]
[melodietang.com/wp-json/oembed/1.0/embed7d31.json]
[melodietang.com/wp-json/oembed/1.0/embedcfab]
[melodietang.com/wp-json/oembed/1.0/embed65df.json]
[melodietang.com/blog/throw-back-thursdays-june-2015/index.html]
[melodietang.com/wp-json/oembed/1.0/embeddd6f.json]
[melodietang.com/wp-json/oembed/1.0/embedf11c]
[melodietang.com/wp-json/oembed/1.0/embed76d4]
[melodietang.com/blog/author/melodieadmin/index.html]
[melodietang.com/wp-json/oembed/1.0/embed95b3.json]
[melodietang.com/wp-json/oembed/1.0/embed1f91]
[melodietang.com/blog/throw-back-thursdays-april-2015/index.html]
[melodietang.com/blog/author/belikepeter/feed/index.html]
[melodietang.com/blog/category/chicago/feed/index.html]
[belikepeter.com/wp-content/uploads/2015/04/Sawchuk-2-300x300.html]
[melodietang.com/blog/category/chicago-founders-circle/feed/index.html]
[melodietang.com/blog/category/startups/feed/index.html]
[melodietang.com/indexb1f0.html]
[melodietang.com/blog/category/uncategorized/feed/index.html]
[melodietang.com/blog/throw-back-thursdays-may/feed/index.html]
[belikepeter.com/wp-content/uploads/2015/06/jason-kunesh-263x300.html]
[melodietang.com/wp-json/oembed/1.0/embed6018.json]
[melodietang.com/wp-json/oembed/1.0/embedd77a]
[melodietang.com/indexefa2.html]
[melodietang.com/blog/category/education/feed/index.html]
[belikepeter.com/wp-content/uploads/2015/01/Jay-300x278.html]
[melodietang.com/blog/category/impact-engine/feed/index.html]
[melodietang.com/blog/category/social-enterprise/feed/index.html]
[melodietang.com/blog/category/manufacturing/feed/index.html]
[melodietang.com/blog/throw-back-thursdays-jan-2015/index.html]
[melodietang.com/blog/category/female-entrepreneurs/feed/index.html]
[melodietang.com/blog/category/e-commerce/feed/index.html]
[melodietang.com/blog/eliad-inbar-tangiblee/feed/index.html]
[belikepeter.com/wp-content/uploads/2015/01/Jeremy-Balboni-final-300x253.html]
[melodietang.com/wp-json/oembed/1.0/embed31b6.json]
[melodietang.com/wp-json/oembed/1.0/embed6e08]
[melodietang.com/blog/throw-back-thursdays-feb-2015/feed/index.html]
[melodietang.com/blog/happy-thanksgiving/index.html]
[melodietang.com/wp-json/oembed/1.0/embed5be0.json]
[melodietang.com/wp-json/oembed/1.0/embedd359]
[belikepeter.com/wp-content/uploads/2014/11/Jeremy-Klein-Table-Savvy-Sketch-259x300.html]
[melodietang.com/wp-json/oembed/1.0/embed2383.json]
[melodietang.com/blog/throw-back-thursdays-june-2015/feed/index.html]
[belikepeter.com/wp-content/uploads/2014/11/Jeremy-Klein-Table-Savvy-Color-248x300.html]
[melodietang.com/wp-json/oembed/1.0/embedb04b]
[melodietang.com/blog/author/melodieadmin/feed/index.html]
[melodietang.com/blog/category/tech-stars/feed/index.html]
[melodietang.com/index3c55.html]
[melodietang.com/blog/throw-back-thursdays-april-2015/feed/index.html]
[belikepeter.com/wp-content/uploads/2014/11/jimmy-odom-we-deliver-215x300.html]
[melodietang.com/wp-json/oembed/1.0/embedc7cd.json]
[melodietang.com/wp-json/oembed/1.0/embed2d17]
[melodietang.com/blog/category/1871/feed/index.html]
[melodietang.com/blog/category/sharing-economy/feed/index.html]
[belikepeter.com/wp-content/uploads/2014/10/HeroesBumper.html]
[melodietang.com/blog/throw-back-thursdays-jan-2015/feed/index.html]
[melodietang.com/wp-json/oembed/1.0/embed1c5b.json]
[melodietang.com/index6fe2.html]
[melodietang.com/wp-json/oembed/1.0/embeda717]
[belikepeter.com/wp-content/uploads/2015/08/Portrait-300x288.html]
[melodietang.com/blog/category/health-and-wellness/feed/index.html]
[melodietang.com/blog/happy-thanksgiving/feed/index.html]
[melodietang.com/wp-json/oembed/1.0/embed521b.json]
[melodietang.com/index0c04.html]
[melodietang.com/wp-json/oembed/1.0/embed1680]
[melodietang.com/blog/category/tech-week/feed/index.html]
[belikepeter.com/wp-content/uploads/2015/05/Kathryn-Pisco-final-web-262x300.html]
[melodietang.com/blog/category/community/feed/index.html]
[melodietang.com/blog/category/food/feed/index.html]
[melodietang.com/blog/tag/chicago-booth/feed/index.html]
[melodietang.com/index9ab8.html]
[melodietang.com/blog/tag/new-venture/feed/index.html]
[melodietang.com/blog/tag/gluten-free/feed/index.html]
[belikepeter.com/wp-content/uploads/2014/12/katie-hench-01-214x300.html]
[melodietang.com/blog/elizabeth-peterson-eastwood-group/feed/index.html]
[melodietang.com/wp-json/oembed/1.0/embedd87f.json]
[melodietang.com/wp-json/oembed/1.0/embed6480]
[melodietang.com/blog/happy-holidays-and-merry-christmas/feed/index.html]
[melodietang.com/index7a13.html]
[melodietang.com/wp-json/oembed/1.0/embed60b6.json]
[melodietang.com/wp-json/oembed/1.0/embedf06f]
[melodietang.com/blog/happy-new-year/feed/index.html]
[melodietang.com/wp-json/oembed/1.0/embed642e.json]
[belikepeter.com/wp-content/uploads/2015/04/Katlin-final-277x300.html]
[melodietang.com/wp-json/oembed/1.0/embed3d68]
[melodietang.com/blog/elizabeth-peterson-eastwood-group/index.html]
[melodietang.com/blog/tag/kelley-school-of-business/feed/index.html]
[melodietang.com/blog/tag/orr-fellowship/feed/index.html]
[melodietang.com/blog/tag/venture-capital/feed/index.html]
[melodietang.com/blog/category/nonprofit/feed/index.html]
[belikepeter.com/wp-content/uploads/2015/10/kris-petersen-1-300x293.html]
[melodietang.com/blog/throw-back-thursdays-march-2015/feed/index.html]
[melodietang.com/wp-json/oembed/1.0/embed7031]
[melodietang.com/wp-json/oembed/1.0/embedfd87.json]
[melodietang.com/index2ec5.html]
[melodietang.com/blog/category/healthbox/feed/index.html]
[belikepeter.com/wp-content/uploads/2014/11/Laura-Katzberg-300x295.html]
[melodietang.com/wp-json/oembed/1.0/embed2dd3.json]
[melodietang.com/blog/ben-rosenfield-hero/feed/index.html]
[melodietang.com/wp-json/oembed/1.0/embedc1de]
[melodietang.com/index1b7b.html]
[melodietang.com/blog/category/throw-back-thursdays/feed/index.html]
[belikepeter.com/wp-content/uploads/2015/07/levi-baer-300x300.html]
[melodietang.com/wp-includes/js/wp-embed.min0155.js]
[melodietang.com/indexd13e.html]
[belikepeter.com/wp-content/uploads/2015/09/martin-rajiv-1024x516.html]
[melodietang.com/blog/happy-holidays-and-merry-christmas/index.html]
[belikepeter.com/wp-content/uploads/2014/12/2014-11-28-MayankGarg-231x300.html]
[melodietang.com/indexe9c6.html]
[belikepeter.com/wp-content/uploads/2015/04/Mike-Preuss-BB15-200x300.html]
[melodietang.com/indexeba0.html]
[belikepeter.com/wp-content/uploads/2014/12/neal-sales-griffin-300x262.html]
[melodietang.com/index2812.html]
[belikepeter.com/wp-content/uploads/2015/11/Ms-Tech-1-257x300.html]
[melodietang.com/index094a.html]
[belikepeter.com/wp-content/uploads/2015/01/2014-12-20-RajKarmani-227x300.html]
[melodietang.com/index59f6.html]
[belikepeter.com/wp-content/uploads/2015/04/Riana-Lynn-2-300x300.html]
[melodietang.com/index5d09.html]
[belikepeter.com/wp-content/uploads/2015/08/portrait-4-300x288.html]
[melodietang.com/indexa3d8.html]
[belikepeter.com/wp-content/uploads/2015/02/Ross-final--300x226.html]
[melodietang.com/indexc6a5.html]
[belikepeter.com/wp-content/uploads/2015/03/2015-02-17-sarahpress-projectfixup-214x300.html]
[melodietang.com/indexb3e1.html]
[belikepeter.com/wp-content/uploads/2015/01/DOWNEY2-sq-274x300.html]
[melodietang.com/indexc089.html]
[belikepeter.com/wp-content/uploads/2015/06/Shiv-Rajendran-259x300.html]
[melodietang.com/blog/throw-back-thursdays-march-2015/index.html]
[belikepeter.com/wp-content/uploads/2015/03/Dyme-300x300.html]
[melodietang.com/index3eda.html]
[belikepeter.com/wp-content/uploads/2014/12/ShivaniJain-300x291.html]
[melodietang.com/blog/ben-rosenfield-hero/index.html]
[belikepeter.com/wp-content/uploads/2015/11/Ted-Gonder-1-300x300.html]
[melodietang.com/indexe5c7.html]
[belikepeter.com/wp-content/uploads/2014/12/Tiffaney-284x300.html]
[melodietang.com/indexb6d0.html]
[melodietang.com/indexcf8a.html]
[melodietang.com/indexbd7b.html]
[melodietang.com/index8285.html]
[melodietang.com/wp-includes/fonts/dashicons.eot]
[melodietang.com/wp-admin/images/wordpress-logo7d6b.svg]
[melodietang.com/blog/author/belikepeter/page/2/index.html]
[melodietang.com/blog/category/chicago/page/2/index.html]
[melodietang.com/blog/category/startups/page/2/index.html]
[melodietang.com/blog/category/uncategorized/page/2/index.html]
[melodietang.com/indexc725.html]
[belikepeter.com/wp-content/uploads/2015/05/TBT-MAY-300x300.html]
[melodietang.com/blog/category/female-entrepreneurs/page/2/index.html]
[melodietang.com/index975e.html]
[belikepeter.com/wp-content/uploads/2015/03/Inbar-final-web-300x294.html]
[melodietang.com/indexee96.html]
[belikepeter.com/wp-content/uploads/2015/02/TBT-Feb-278x300.html]
[melodietang.com/index030b.html]
[belikepeter.com/wp-content/uploads/2015/06/tbt-June-300x300.html]
[melodietang.com/index03aa.html]
[belikepeter.com/wp-content/uploads/2015/04/tbt-april-2-253x300.html]
[melodietang.com/blog/category/1871/page/2/index.html]
[melodietang.com/indexccf0.html]
[belikepeter.com/wp-content/uploads/2015/01/tbt-1-277x300.html]
[melodietang.com/index55df.html]
[belikepeter.com/wp-content/uploads/2014/11/thanksgiving-300x280.html]
[belikepeter.com/wp-content/uploads/2014/11/turkey-300x273.html]
[melodietang.com/index9c73.html]
[belikepeter.com/wp-content/uploads/2015/11/ekizabeth-peterson-300x293.html]
[melodietang.com/indexb0f8.html]
[belikepeter.com/wp-content/uploads/2014/12/ElfontheShelf-222x300.html]
[belikepeter.com/wp-content/uploads/2014/12/merryxmas-300x280.html]
[melodietang.com/index6ade.html]
[belikepeter.com/wp-content/uploads/2015/01/newyear-300x280.html]
[belikepeter.com/wp-content/uploads/2014/12/new-year-Cat-229x300.html]
[melodietang.com/indexf9af.html]
[belikepeter.com/wp-content/uploads/2015/03/Mar-tbt1-300x300.html]
[melodietang.com/indexa2f3.html]
[media.licdn.com/mpr/mpr/shrinknp_200_200/AAEAAQAAAAAAAALaAAAAJDM4OGM3NmI3LTUyNjktNDIyNy05MjI2LWNmYWM3NzdlNDliYg.html]
[melodietang.com/wp-loginc6c6.html]
[melodietang.com/wp-content/themes/bold-headline/font/genericons-regular-webfont.svg]
[melodietang.com/wp-includes/js/mediaelement/bigplay.svg]
[melodietang.com/wp-includes/js/mediaelement/controls.svg]
[melodietang.com/wp-content/themes/bold-headline/font/genericons-regular-webfontd41d.eot]
[melodietang.com/wp-includes/js/mediaelement/bigplay.png]
[belikepeter.com/wp-content/uploads/2015/02/Aaronbowtiecrop2.jpg]
[belikepeter.com/wp-content/uploads/2015/05/Brian-Hill-final-1.jpg]
[belikepeter.com/wp-content/uploads/2015/05/chris-mantz.png]
[belikepeter.com/wp-content/uploads/2014/11/portrait-blog-claire-web.jpg]
[belikepeter.com/wp-content/uploads/2015/03/Corbett2.jpg]
[belikepeter.com/wp-content/uploads/2015/04/Dan-Novaes-2.jpg]
[belikepeter.com/wp-content/uploads/2015/02/DeepakGoel.jpg]
[belikepeter.com/wp-content/uploads/2015/04/Sawchuk-2.jpg]
[belikepeter.com/wp-content/uploads/2015/06/jason-kunesh.jpg]
[belikepeter.com/wp-content/uploads/2015/01/Jay.png]
[belikepeter.com/wp-content/uploads/2015/01/Jeremy-Balboni-final.jpg]
[belikepeter.com/wp-content/uploads/2014/11/Jeremy-Klein-Table-Savvy-Sketch.jpg]
[belikepeter.com/wp-content/uploads/2014/11/Jeremy-Klein-Table-Savvy-Color.jpg]
[belikepeter.com/wp-content/uploads/2014/11/jimmy-odom-we-deliver.jpg]
[belikepeter.com/wp-content/uploads/2014/11/image.png]
[belikepeter.com/wp-content/uploads/2015/08/Portrait.jpg]
[belikepeter.com/wp-content/uploads/2015/05/Kathryn-Pisco-final-web.jpg]
[belikepeter.com/wp-content/uploads/2014/12/katie-hench-01.png]
[belikepeter.com/wp-content/uploads/2015/04/Katlin-final.jpg]
[belikepeter.com/wp-content/uploads/2015/10/kris-petersen-1.png]
[belikepeter.com/wp-content/uploads/2014/11/Laura-Katzberg.jpg]
[belikepeter.com/wp-content/uploads/2015/07/levi-baer.jpg]
[belikepeter.com/wp-content/uploads/2015/09/martin-rajiv.png]
[belikepeter.com/wp-content/uploads/2014/12/2014-11-28-MayankGarg.jpg]
[belikepeter.com/wp-content/uploads/2015/04/Mike-Preuss-BB15.jpg]
[belikepeter.com/wp-content/uploads/2014/12/neal-sales-griffin.jpg]
[belikepeter.com/wp-content/uploads/2015/11/Ms-Tech-1.jpg]
[belikepeter.com/wp-content/uploads/2015/01/2014-12-20-RajKarmani.jpg]
[belikepeter.com/wp-content/uploads/2015/04/Riana-Lynn-2.png]
[belikepeter.com/wp-content/uploads/2015/08/portrait-4.jpg]
[belikepeter.com/wp-content/uploads/2015/02/Ross-final-.jpg]
[belikepeter.com/wp-content/uploads/2015/03/2015-02-17-sarahpress-projectfixup.jpg]
[belikepeter.com/wp-content/uploads/2015/01/DOWNEY2-sq.jpg]
[belikepeter.com/wp-content/uploads/2015/06/Shiv-Rajendran.jpg]
[belikepeter.com/wp-content/uploads/2015/03/Dyme.jpg]
[belikepeter.com/wp-content/uploads/2014/12/ShivaniJain.jpg]
[belikepeter.com/wp-content/uploads/2015/11/Ted-Gonder-1.jpg]
[belikepeter.com/wp-content/uploads/2014/12/Tiffaney.jpg]
[belikepeter.com/wp-content/uploads/2015/05/TBT-MAY.png]
[belikepeter.com/wp-content/uploads/2015/01/quotes-tbt.png]
[belikepeter.com/wp-content/uploads/2015/03/Inbar-final-web.jpg]
[belikepeter.com/wp-content/uploads/2015/02/TBT-Feb.png]
[belikepeter.com/wp-content/uploads/2015/06/tbt-June.png]
[belikepeter.com/wp-content/uploads/2015/04/tbt-april-2.jpg]
[belikepeter.com/wp-content/uploads/2015/01/tbt-1.png]
[belikepeter.com/wp-content/uploads/2014/11/thanksgiving.png]
[belikepeter.com/wp-content/uploads/2014/11/turkey.png]
[belikepeter.com/wp-content/uploads/2015/11/ekizabeth-peterson.png]
[belikepeter.com/wp-content/uploads/2014/12/ElfontheShelf.jpg]
[belikepeter.com/wp-content/uploads/2014/12/merryxmas.png]
[belikepeter.com/wp-content/uploads/2015/01/newyear.png]
[belikepeter.com/wp-content/uploads/2014/12/new-year-Cat.png]
[belikepeter.com/wp-content/uploads/2015/03/Mar-tbt1.png]
